// Jest Snapshot v1, https://goo.gl/fbAQLP

exports[`serializeImports serializes the graphql imports properly 1`] = `
"import { Field, ID, ObjectType } from 'type-graphql';
import { BaseEntity, Column, Entity, Index, OneToMany, OneToOne } from 'typeorm';
import { Account } from './Account';
import { Photo } from './Photo';
import { Transaction } from './Transaction';
"
`;
